DEBUG ]: Old rlimit: soft -> 65536, hard -> 524288
DEBUG ]: New rlimit: soft -> 524288, hard -> 524288
WARN ]: WARNING: Hyprland is being launched without start-hyprland. This is highly advised against.
DEBUG ]: Creating the EventLoopManager!
DEBUG ]: Creating the KeybindManager!
DEBUG ]: Creating the AnimationManager!
DEBUG ]: Creating the DynamicPermissionManager!
DEBUG ]: Creating the MonitorState!
DEBUG ]: Creating the WorkspaceState!
DEBUG ]: Creating the ConfigManager!
DEBUG ]: [cfg] Config is either explicit or special.
DEBUG ]: [cfg] Config is lua, loading lua mgr
DEBUG ]: Creating the Error Overlay!
DEBUG ]: Creating the LayoutManager!
DEBUG ]: Creating the TokenManager!
DEBUG ]: Creating the EventManager!
DEBUG ]: Disabling stdout logs (debug.enable_stdout_logs = 0). Further logs will be written to /run/user/1000/hypr/efb50993780079460b0cbed1363e2166a2de1d9f_1789452979_1671380518/hyprland.log
DEBUG ]: Creating the PointerManager!
DEBUG ]: Creating the AsyncResourceGatherer!
DEBUG from aquamarine ]: Creating an Aquamarine backend!
DEBUG from aquamarine ]: [libseat] [libseat/backend/seatd.c:64] Could not connect to socket /run/seatd.sock: No such file or directory
DEBUG from aquamarine ]: [libseat] [libseat/libseat.c:76] Backend 'seatd' failed to open seat, skipping
ERR from aquamarine ]: [libseat] [libseat/backend/logind.c:309] Could not take control of session: Device or resource busy
DEBUG from aquamarine ]: [libseat] [libseat/libseat.c:76] Backend 'logind' failed to open seat, skipping
ERR from aquamarine ]: [libseat] [libseat/libseat.c:79] No backend was able to open a seat
ERR from aquamarine ]: libseat: failed to open a seat
ERR from aquamarine ]: Failed to open a session
ERR from aquamarine ]: DRM Backend failed
DEBUG from aquamarine ]: Starting the Aquamarine backend!
DEBUG from aquamarine ]: Starting the Wayland backend!
DEBUG from aquamarine ]: Connected to a wayland compositor: Hyprland
DEBUG from aquamarine ]: Got registry at 0x563a3b79b800
DEBUG from aquamarine ]: New wayland keyboard wl_keyboard
DEBUG from aquamarine ]: New wayland pointer wl_pointer
DEBUG from aquamarine ]: zwp_linux_dmabuf_v1: Got format AB4H with modifier GFX11,64KB_R_X,PIPE_XOR_BITS=4,PACKERS=4,DCC,DCC_MAX_COMPRESSED_BLOCK=128B,DCC_INDEPENDENT_128B,DCC_PIPE_ALIGN
DEBUG from aquamarine ]: zwp_linux_dmabuf_v1: Got format AB4H with modifier GFX11,64KB_R_X,PIPE_XOR_BITS=4,PACKERS=4
DEBUG from aquamarine ]: zwp_linux_dmabuf_v1: Got format AB4H with modifier GFX11,256KB_R_X,PIPE_XOR_BITS=4,PACKERS=4,DCC,DCC_MAX_COMPRESSED_BLOCK=128B,DCC_INDEPENDENT_128B,DCC_PIPE_ALIGN
DEBUG from aquamarine ]: zwp_linux_dmabuf_v1: Got format AB4H with modifier GFX11,256KB_R_X,PIPE_XOR_BITS=4,PACKERS=4
DEBUG from aquamarine ]: zwp_linux_dmabuf_v1: Got format AB4H with modifier GFX11,4KB_D_X,PIPE_XOR_BITS=4,PACKERS=4
DEBUG from aquamarine ]: zwp_linux_dmabuf_v1: Got format AB4H with modifier GFX11,64KB_D
DEBUG from aquamarine ]: zwp_linux_dmabuf_v1: Got format AB4H with modifier LINEAR
DEBUG from aquamarine ]: zwp_linux_dmabuf_v1: Got format AB4H with modifier INVALID
DEBUG from aquamarine ]: zwp_linux_dmabuf_v1: Got format XB4H with modifier GFX11,64KB_R_X,PIPE_XOR_BITS=4,PACKERS=4,DCC,DCC_MAX_COMPRESSED_BLOCK=128B,DCC_INDEPENDENT_128B,DCC_PIPE_ALIGN
DEBUG from aquamarine ]: zwp_linux_dmabuf_v1: Got format XB4H with modifier GFX11,64KB_R_X,PIPE_XOR_BITS=4,PACKERS=4
DEBUG from aquamarine ]: zwp_linux_dmabuf_v1: Got format XB4H with modifier GFX11,256KB_R_X,PIPE_XOR_BITS=4,PACKERS=4,DCC,DCC_MAX_COMPRESSED_BLOCK=128B,DCC_INDEPENDENT_128B,DCC_PIPE_ALIGN
DEBUG from aquamarine ]: zwp_linux_dmabuf_v1: Got format XB4H with modifier GFX11,256KB_R_X,PIPE_XOR_BITS=4,PACKERS=4
DEBUG from aquamarine ]: zwp_linux_dmabuf_v1: Got format XB4H with modifier GFX11,4KB_D_X,PIPE_XOR_BITS=4,PACKERS=4
DEBUG from aquamarine ]: zwp_linux_dmabuf_v1: Got format XB4H with modifier GFX11,64KB_D
DEBUG from aquamarine ]: zwp_linux_dmabuf_v1: Got format XB4H with modifier LINEAR
DEBUG from aquamarine ]: zwp_linux_dmabuf_v1: Got format XB4H with modifier INVALID
DEBUG from aquamarine ]: zwp_linux_dmabuf_v1: Got format AB48 with modifier GFX11,64KB_R_X,PIPE_XOR_BITS=4,PACKERS=4,DCC,DCC_MAX_COMPRESSED_BLOCK=128B,DCC_INDEPENDENT_128B,DCC_PIPE_ALIGN
DEBUG from aquamarine ]: zwp_linux_dmabuf_v1: Got format AB48 with modifier GFX11,64KB_R_X,PIPE_XOR_BITS=4,PACKERS=4
DEBUG from aquamarine ]: zwp_linux_dmabuf_v1: Got format AB48 with modifier GFX11,256KB_R_X,PIPE_XOR_BITS=4,PACKERS=4,DCC,DCC_MAX_COMPRESSED_BLOCK=128B,DCC_INDEPENDENT_128B,DCC_PIPE_ALIGN
DEBUG from aquamarine ]: zwp_linux_dmabuf_v1: Got format AB48 with modifier GFX11,256KB_R_X,PIPE_XOR_BITS=4,PACKERS=4
DEBUG from aquamarine ]: zwp_linux_dmabuf_v1: Got format AB48 with modifier GFX11,4KB_D_X,PIPE_XOR_BITS=4,PACKERS=4
DEBUG from aquamarine ]: zwp_linux_dmabuf_v1: Got format AB48 with modifier GFX11,64KB_D
DEBUG from aquamarine ]: zwp_linux_dmabuf_v1: Got format AB48 with modifier LINEAR
DEBUG from aquamarine ]: zwp_linux_dmabuf_v1: Got format AB48 with modifier INVALID
DEBUG from aquamarine ]: zwp_linux_dmabuf_v1: Got format XB48 with modifier GFX11,64KB_R_X,PIPE_XOR_BITS=4,PACKERS=4,DCC,DCC_MAX_COMPRESSED_BLOCK=128B,DCC_INDEPENDENT_128B,DCC_PIPE_ALIGN
DEBUG from aquamarine ]: zwp_linux_dmabuf_v1: Got format XB48 with modifier GFX11,64KB_R_X,PIPE_XOR_BITS=4,PACKERS=4
DEBUG from aquamarine ]: zwp_linux_dmabuf_v1: Got format XB48 with modifier GFX11,256KB_R_X,PIPE_XOR_BITS=4,PACKERS=4,DCC,DCC_MAX_COMPRESSED_BLOCK=128B,DCC_INDEPENDENT_128B,DCC_PIPE_ALIGN
DEBUG from aquamarine ]: zwp_linux_dmabuf_v1: Got format XB48 with modifier GFX11,256KB_R_X,PIPE_XOR_BITS=4,PACKERS=4
DEBUG from aquamarine ]: zwp_linux_dmabuf_v1: Got format XB48 with modifier GFX11,4KB_D_X,PIPE_XOR_BITS=4,PACKERS=4
DEBUG from aquamarine ]: zwp_linux_dmabuf_v1: Got format XB48 with modifier GFX11,64KB_D
DEBUG from aquamarine ]: zwp_linux_dmabuf_v1: Got format XB48 with modifier LINEAR
DEBUG from aquamarine ]: zwp_linux_dmabuf_v1: Got format XB48 with modifier INVALID
DEBUG from aquamarine ]: zwp_linux_dmabuf_v1: Got format AR30 with modifier GFX11,64KB_R_X,PIPE_XOR_BITS=4,PACKERS=4,DCC,DCC_MAX_COMPRESSED_BLOCK=128B,DCC_INDEPENDENT_128B,DCC_PIPE_ALIGN
DEBUG from aquamarine ]: zwp_linux_dmabuf_v1: Got format AR30 with modifier GFX11,64KB_R_X,PIPE_XOR_BITS=4,PACKERS=4,DCC,DCC_MAX_COMPRESSED_BLOCK=128B,DCC_INDEPENDENT_128B,DCC_RETILE
DEBUG from aquamarine ]: zwp_linux_dmabuf_v1: Got format AR30 with modifier GFX11,64KB_R_X,PIPE_XOR_BITS=4,PACKERS=4,DCC,DCC_MAX_COMPRESSED_BLOCK=64B,DCC_INDEPENDENT_64B,DCC_INDEPENDENT_128B,DCC_RETILE
DEBUG from aquamarine ]: zwp_linux_dmabuf_v1: Got format AR30 with modifier GFX11,64KB_R_X,PIPE_XOR_BITS=4,PACKERS=4
DEBUG from aquamarine ]: zwp_linux_dmabuf_v1: Got format AR30 with modifier GFX11,256KB_R_X,PIPE_XOR_BITS=4,PACKERS=4,DCC,DCC_MAX_COMPRESSED_BLOCK=128B,DCC_INDEPENDENT_128B,DCC_PIPE_ALIGN
DEBUG from aquamarine ]: zwp_linux_dmabuf_v1: Got format AR30 with modifier GFX11,256KB_R_X,PIPE_XOR_BITS=4,PACKERS=4,DCC,DCC_MAX_COMPRESSED_BLOCK=128B,DCC_INDEPENDENT_128B,DCC_RETILE
DEBUG from aquamarine ]: zwp_linux_dmabuf_v1: Got format AR30 with modifier GFX11,256KB_R_X,PIPE_XOR_BITS=4,PACKERS=4,DCC,DCC_MAX_COMPRESSED_BLOCK=64B,DCC_INDEPENDENT_64B,DCC_INDEPENDENT_128B,DCC_RETILE
DEBUG from aquamarine ]: zwp_linux_dmabuf_v1: Got format AR30 with modifier GFX11,256KB_R_X,PIPE_XOR_BITS=4,PACKERS=4
DEBUG from aquamarine ]: zwp_linux_dmabuf_v1: Got format AR30 with modifier GFX11,4KB_D_X,PIPE_XOR_BITS=4,PACKERS=4
DEBUG from aquamarine ]: zwp_linux_dmabuf_v1: Got format AR30 with modifier GFX11,64KB_D
DEBUG from aquamarine ]: zwp_linux_dmabuf_v1: Got format AR30 with modifier LINEAR
DEBUG from aquamarine ]: zwp_linux_dmabuf_v1: Got format AR30 with modifier INVALID
DEBUG from aquamarine ]: zwp_linux_dmabuf_v1: Got format XR30 with modifier GFX11,64KB_R_X,PIPE_XOR_BITS=4,PACKERS=4,DCC,DCC_MAX_COMPRESSED_BLOCK=128B,DCC_INDEPENDENT_128B,DCC_PIPE_ALIGN
DEBUG from aquamarine ]: zwp_linux_dmabuf_v1: Got format XR30 with modifier GFX11,64KB_R_X,PIPE_XOR_BITS=4,PACKERS=4,DCC,DCC_MAX_COMPRESSED_BLOCK=128B,DCC_INDEPENDENT_128B,DCC_RETILE
DEBUG from aquamarine ]: zwp_linux_dmabuf_v1: Got format XR30 with modifier GFX11,64KB_R_X,PIPE_XOR_BITS=4,PACKERS=4,DCC,DCC_MAX_COMPRESSED_BLOCK=64B,DCC_INDEPENDENT_64B,DCC_INDEPENDENT_128B,DCC_RETILE
DEBUG from aquamarine ]: zwp_linux_dmabuf_v1: Got format XR30 with modifier GFX11,64KB_R_X,PIPE_XOR_BITS=4,PACKERS=4
DEBUG from aquamarine ]: zwp_linux_dmabuf_v1: Got format XR30 with modifier GFX11,256KB_R_X,PIPE_XOR_BITS=4,PACKERS=4,DCC,DCC_MAX_COMPRESSED_BLOCK=128B,DCC_INDEPENDENT_128B,DCC_PIPE_ALIGN
DEBUG from aquamarine ]: zwp_linux_dmabuf_v1: Got format XR30 with modifier GFX11,256KB_R_X,PIPE_XOR_BITS=4,PACKERS=4,DCC,DCC_MAX_COMPRESSED_BLOCK=128B,DCC_INDEPENDENT_128B,DCC_RETILE
DEBUG from aquamarine ]: zwp_linux_dmabuf_v1: Got format XR30 with modifier GFX11,256KB_R_X,PIPE_XOR_BITS=4,PACKERS=4,DCC,DCC_MAX_COMPRESSED_BLOCK=64B,DCC_INDEPENDENT_64B,DCC_INDEPENDENT_128B,DCC_RETILE
DEBUG from aquamarine ]: zwp_linux_dmabuf_v1: Got format XR30 with modifier GFX11,256KB_R_X,PIPE_XOR_BITS=4,PACKERS=4
DEBUG from aquamarine ]: zwp_linux_dmabuf_v1: Got format XR30 with modifier GFX11,4KB_D_X,PIPE_XOR_BITS=4,PACKERS=4
DEBUG from aquamarine ]: zwp_linux_dmabuf_v1: Got format XR30 with modifier GFX11,64KB_D
DEBUG from aquamarine ]: zwp_linux_dmabuf_v1: Got format XR30 with modifier LINEAR
DEBUG from aquamarine ]: zwp_linux_dmabuf_v1: Got format XR30 with modifier INVALID
DEBUG from aquamarine ]: zwp_linux_dmabuf_v1: Got format AB30 with modifier GFX11,64KB_R_X,PIPE_XOR_BITS=4,PACKERS=4,DCC,DCC_MAX_COMPRESSED_BLOCK=128B,DCC_INDEPENDENT_128B,DCC_PIPE_ALIGN
DEBUG from aquamarine ]: zwp_linux_dmabuf_v1: Got format AB30 with modifier GFX11,64KB_R_X,PIPE_XOR_BITS=4,PACKERS=4,DCC,DCC_MAX_COMPRESSED_BLOCK=128B,DCC_INDEPENDENT_128B,DCC_RETILE
DEBUG from aquamarine ]: zwp_linux_dmabuf_v1: Got format AB30 with modifier GFX11,64KB_R_X,PIPE_XOR_BITS=4,PACKERS=4,DCC,DCC_MAX_COMPRESSED_BLOCK=64B,DCC_INDEPENDENT_64B,DCC_INDEPENDENT_128B,DCC_RETILE
DEBUG from aquamarine ]: zwp_linux_dmabuf_v1: Got format AB30 with modifier GFX11,64KB_R_X,PIPE_XOR_BITS=4,PACKERS=4
DEBUG from aquamarine ]: zwp_linux_dmabuf_v1: Got format AB30 with modifier GFX11,256KB_R_X,PIPE_XOR_BITS=4,PACKERS=4,DCC,DCC_MAX_COMPRESSED_BLOCK=128B,DCC_INDEPENDENT_128B,DCC_PIPE_ALIGN
DEBUG from aquamarine ]: zwp_linux_dmabuf_v1: Got format AB30 with modifier GFX11,256KB_R_X,PIPE_XOR_BITS=4,PACKERS=4,DCC,DCC_MAX_COMPRESSED_BLOCK=128B,DCC_INDEPENDENT_128B,DCC_RETILE
DEBUG from aquamarine ]: zwp_linux_dmabuf_v1: Got format AB30 with modifier GFX11,256KB_R_X,PIPE_XOR_BITS=4,PACKERS=4,DCC,DCC_MAX_COMPRESSED_BLOCK=64B,DCC_INDEPENDENT_64B,DCC_INDEPENDENT_128B,DCC_RETILE
DEBUG from aquamarine ]: zwp_linux_dmabuf_v1: Got format AB30 with modifier GFX11,256KB_R_X,PIPE_XOR_BITS=4,PACKERS=4
DEBUG from aquamarine ]: zwp_linux_dmabuf_v1: Got format AB30 with modifier GFX11,4KB_D_X,PIPE_XOR_BITS=4,PACKERS=4
DEBUG from aquamarine ]: zwp_linux_dmabuf_v1: Got format AB30 with modifier GFX11,64KB_D
DEBUG from aquamarine ]: zwp_linux_dmabuf_v1: Got format AB30 with modifier LINEAR
DEBUG from aquamarine ]: zwp_linux_dmabuf_v1: Got format AB30 with modifier INVALID
DEBUG from aquamarine ]: zwp_linux_dmabuf_v1: Got format XB30 with modifier GFX11,64KB_R_X,PIPE_XOR_BITS=4,PACKERS=4,DCC,DCC_MAX_COMPRESSED_BLOCK=128B,DCC_INDEPENDENT_128B,DCC_PIPE_ALIGN
DEBUG from aquamarine ]: zwp_linux_dmabuf_v1: Got format XB30 with modifier GFX11,64KB_R_X,PIPE_XOR_BITS=4,PACKERS=4,DCC,DCC_MAX_COMPRESSED_BLOCK=128B,DCC_INDEPENDENT_128B,DCC_RETILE
DEBUG from aquamarine ]: zwp_linux_dmabuf_v1: Got format XB30 with modifier GFX11,64KB_R_X,PIPE_XOR_BITS=4,PACKERS=4,DCC,DCC_MAX_COMPRESSED_BLOCK=64B,DCC_INDEPENDENT_64B,DCC_INDEPENDENT_128B,DCC_RETILE
DEBUG from aquamarine ]: zwp_linux_dmabuf_v1: Got format XB30 with modifier GFX11,64KB_R_X,PIPE_XOR_BITS=4,PACKERS=4
DEBUG from aquamarine ]: zwp_linux_dmabuf_v1: Got format XB30 with modifier GFX11,256KB_R_X,PIPE_XOR_BITS=4,PACKERS=4,DCC,DCC_MAX_COMPRESSED_BLOCK=128B,DCC_INDEPENDENT_128B,DCC_PIPE_ALIGN
DEBUG from aquamarine ]: zwp_linux_dmabuf_v1: Got format XB30 with modifier GFX11,256KB_R_X,PIPE_XOR_BITS=4,PACKERS=4,DCC,DCC_MAX_COMPRESSED_BLOCK=128B,DCC_INDEPENDENT_128B,DCC_RETILE
DEBUG from aquamarine ]: zwp_linux_dmabuf_v1: Got format XB30 with modifier GFX11,256KB_R_X,PIPE_XOR_BITS=4,PACKERS=4,DCC,DCC_MAX_COMPRESSED_BLOCK=64B,DCC_INDEPENDENT_64B,DCC_INDEPENDENT_128B,DCC_RETILE
DEBUG from aquamarine ]: zwp_linux_dmabuf_v1: Got format XB30 with modifier GFX11,256KB_R_X,PIPE_XOR_BITS=4,PACKERS=4
DEBUG from aquamarine ]: zwp_linux_dmabuf_v1: Got format XB30 with modifier GFX11,4KB_D_X,PIPE_XOR_BITS=4,PACKERS=4
DEBUG from aquamarine ]: zwp_linux_dmabuf_v1: Got format XB30 with modifier GFX11,64KB_D
DEBUG from aquamarine ]: zwp_linux_dmabuf_v1: Got format XB30 with modifier LINEAR
DEBUG from aquamarine ]: zwp_linux_dmabuf_v1: Got format XB30 with modifier INVALID
DEBUG from aquamarine ]: zwp_linux_dmabuf_v1: Got format AR24 with modifier GFX11,64KB_R_X,PIPE_XOR_BITS=4,PACKERS=4,DCC,DCC_MAX_COMPRESSED_BLOCK=128B,DCC_INDEPENDENT_128B,DCC_PIPE_ALIGN
DEBUG from aquamarine ]: zwp_linux_dmabuf_v1: Got format AR24 with modifier GFX11,64KB_R_X,PIPE_XOR_BITS=4,PACKERS=4,DCC,DCC_MAX_COMPRESSED_BLOCK=128B,DCC_INDEPENDENT_128B,DCC_RETILE
DEBUG from aquamarine ]: zwp_linux_dmabuf_v1: Got format AR24 with modifier GFX11,64KB_R_X,PIPE_XOR_BITS=4,PACKERS=4,DCC,DCC_MAX_COMPRESSED_BLOCK=64B,DCC_INDEPENDENT_64B,DCC_INDEPENDENT_128B,DCC_RETILE
DEBUG from aquamarine ]: zwp_linux_dmabuf_v1: Got format AR24 with modifier GFX11,64KB_R_X,PIPE_XOR_BITS=4,PACKERS=4
DEBUG from aquamarine ]: zwp_linux_dmabuf_v1: Got format AR24 with modifier GFX11,256KB_R_X,PIPE_XOR_BITS=4,PACKERS=4,DCC,DCC_MAX_COMPRESSED_BLOCK=128B,DCC_INDEPENDENT_128B,DCC_PIPE_ALIGN
DEBUG from aquamarine ]: zwp_linux_dmabuf_v1: Got format AR24 with modifier GFX11,256KB_R_X,PIPE_XOR_BITS=4,PACKERS=4,DCC,DCC_MAX_COMPRESSED_BLOCK=128B,DCC_INDEPENDENT_128B,DCC_RETILE
DEBUG from aquamarine ]: zwp_linux_dmabuf_v1: Got format AR24 with modifier GFX11,256KB_R_X,PIPE_XOR_BITS=4,PACKERS=4,DCC,DCC_MAX_COMPRESSED_BLOCK=64B,DCC_INDEPENDENT_64B,DCC_INDEPENDENT_128B,DCC_RETILE
DEBUG from aquamarine ]: zwp_linux_dmabuf_v1: Got format AR24 with modifier GFX11,256KB_R_X,PIPE_XOR_BITS=4,PACKERS=4
DEBUG from aquamarine ]: zwp_linux_dmabuf_v1: Got format AR24 with modifier GFX11,4KB_D_X,PIPE_XOR_BITS=4,PACKERS=4
DEBUG from aquamarine ]: zwp_linux_dmabuf_v1: Got format AR24 with modifier GFX11,64KB_D
DEBUG from aquamarine ]: zwp_linux_dmabuf_v1: Got format AR24 with modifier LINEAR
DEBUG from aquamarine ]: zwp_linux_dmabuf_v1: Got format AR24 with modifier INVALID
DEBUG from aquamarine ]: zwp_linux_dmabuf_v1: Got format BA24 with modifier GFX11,64KB_R_X,PIPE_XOR_BITS=4,PACKERS=4,DCC,DCC_MAX_COMPRESSED_BLOCK=128B,DCC_INDEPENDENT_128B,DCC_PIPE_ALIGN
DEBUG from aquamarine ]: zwp_linux_dmabuf_v1: Got format BA24 with modifier GFX11,64KB_R_X,PIPE_XOR_BITS=4,PACKERS=4,DCC,DCC_MAX_COMPRESSED_BLOCK=128B,DCC_INDEPENDENT_128B,DCC_RETILE
DEBUG from aquamarine ]: zwp_linux_dmabuf_v1: Got format BA24 with modifier GFX11,64KB_R_X,PIPE_XOR_BITS=4,PACKERS=4,DCC,DCC_MAX_COMPRESSED_BLOCK=64B,DCC_INDEPENDENT_64B,DCC_INDEPENDENT_128B,DCC_RETILE
DEBUG from aquamarine ]: zwp_linux_dmabuf_v1: Got format BA24 with modifier GFX11,64KB_R_X,PIPE_XOR_BITS=4,PACKERS=4
DEBUG from aquamarine ]: zwp_linux_dmabuf_v1: Got format BA24 with modifier GFX11,256KB_R_X,PIPE_XOR_BITS=4,PACKERS=4,DCC,DCC_MAX_COMPRESSED_BLOCK=128B,DCC_INDEPENDENT_128B,DCC_PIPE_ALIGN
DEBUG from aquamarine ]: zwp_linux_dmabuf_v1: Got format BA24 with modifier GFX11,256KB_R_X,PIPE_XOR_BITS=4,PACKERS=4,DCC,DCC_MAX_COMPRESSED_BLOCK=128B,DCC_INDEPENDENT_128B,DCC_RETILE
DEBUG from aquamarine ]: zwp_linux_dmabuf_v1: Got format BA24 with modifier GFX11,256KB_R_X,PIPE_XOR_BITS=4,PACKERS=4,DCC,DCC_MAX_COMPRESSED_BLOCK=64B,DCC_INDEPENDENT_64B,DCC_INDEPENDENT_128B,DCC_RETILE
DEBUG from aquamarine ]: zwp_linux_dmabuf_v1: Got format BA24 with modifier GFX11,256KB_R_X,PIPE_XOR_BITS=4,PACKERS=4
DEBUG from aquamarine ]: zwp_linux_dmabuf_v1: Got format BA24 with modifier GFX11,4KB_D_X,PIPE_XOR_BITS=4,PACKERS=4
DEBUG from aquamarine ]: zwp_linux_dmabuf_v1: Got format BA24 with modifier GFX11,64KB_D
DEBUG from aquamarine ]: zwp_linux_dmabuf_v1: Got format BA24 with modifier LINEAR
DEBUG from aquamarine ]: zwp_linux_dmabuf_v1: Got format BA24 with modifier INVALID
DEBUG from aquamarine ]: zwp_linux_dmabuf_v1: Got format AB24 with modifier GFX11,64KB_R_X,PIPE_XOR_BITS=4,PACKERS=4,DCC,DCC_MAX_COMPRESSED_BLOCK=128B,DCC_INDEPENDENT_128B,DCC_PIPE_ALIGN
DEBUG from aquamarine ]: zwp_linux_dmabuf_v1: Got format AB24 with modifier GFX11,64KB_R_X,PIPE_XOR_BITS=4,PACKERS=4,DCC,DCC_MAX_COMPRESSED_BLOCK=128B,DCC_INDEPENDENT_128B,DCC_RETILE
DEBUG from aquamarine ]: zwp_linux_dmabuf_v1: Got format AB24 with modifier GFX11,64KB_R_X,PIPE_XOR_BITS=4,PACKERS=4,DCC,DCC_MAX_COMPRESSED_BLOCK=64B,DCC_INDEPENDENT_64B,DCC_INDEPENDENT_128B,DCC_RETILE
DEBUG from aquamarine ]: zwp_linux_dmabuf_v1: Got format AB24 with modifier GFX11,64KB_R_X,PIPE_XOR_BITS=4,PACKERS=4
DEBUG from aquamarine ]: zwp_linux_dmabuf_v1: Got format AB24 with modifier GFX11,256KB_R_X,PIPE_XOR_BITS=4,PACKERS=4,DCC,DCC_MAX_COMPRESSED_BLOCK=128B,DCC_INDEPENDENT_128B,DCC_PIPE_ALIGN
DEBUG from aquamarine ]: zwp_linux_dmabuf_v1: Got format AB24 with modifier GFX11,256KB_R_X,PIPE_XOR_BITS=4,PACKERS=4,DCC,DCC_MAX_COMPRESSED_BLOCK=128B,DCC_INDEPENDENT_128B,DCC_RETILE
DEBUG from aquamarine ]: zwp_linux_dmabuf_v1: Got format AB24 with modifier GFX11,256KB_R_X,PIPE_XOR_BITS=4,PACKERS=4,DCC,DCC_MAX_COMPRESSED_BLOCK=64B,DCC_INDEPENDENT_64B,DCC_INDEPENDENT_128B,DCC_RETILE
DEBUG from aquamarine ]: zwp_linux_dmabuf_v1: Got format AB24 with modifier GFX11,256KB_R_X,PIPE_XOR_BITS=4,PACKERS=4
DEBUG from aquamarine ]: zwp_linux_dmabuf_v1: Got format AB24 with modifier GFX11,4KB_D_X,PIPE_XOR_BITS=4,PACKERS=4
DEBUG from aquamarine ]: zwp_linux_dmabuf_v1: Got format AB24 with modifier GFX11,64KB_D
DEBUG from aquamarine ]: zwp_linux_dmabuf_v1: Got format AB24 with modifier LINEAR
DEBUG from aquamarine ]: zwp_linux_dmabuf_v1: Got format AB24 with modifier INVALID

[... 37977 lines elided: the same 'Plugin grabbar loaded' / 'unloaded' pair repeats until the stack overflow — counts in repro-counts.txt ...]

DEBUG ]:  [PluginSystem] Plugin grabbar unloaded.
DEBUG ]: Loading plugin ~/Projects/omarchy-grabbar/native/grabbar/grabbar.so which is now present in config
DEBUG ]: [grabbar] backend epoch 1789452984 listening on /run/user/1000/grabbar/efb50993780079460b0cbed1363e2166a2de1d9f_1789452979_1671380518/backend.sock
DEBUG ]:  [PluginSystem] Plugin grabbar loaded. Handle: 563a3ba36360, path: "~/Projects/omarchy-grabbar/native/grabbar/grabbar.so", author: "Greyforge Labs", description: "Familiar window controls for Omarchy (G0 prototype).", version: "0.0.1-g0"
DEBUG ]: CPluginSystem::updateConfigPlugins: loaded ~/Projects/omarchy-grabbar/native/grabbar/grabbar.so
DEBUG ]: Unloading plugin ~/Projects/omarchy-grabbar/native/grabbar/grabbar.so which is no longer present in config
DEBUG ]:  [PluginSystem] Plugin grabbar unloaded.
DEBUG ]: Loading plugin ~/Projects/omarchy-grabbar/native/grabbar/grabbar.so which is now present in config
DEBUG ]: [grabbar] backend epoch 1789452984 listening on /run/user/1000/grabbar/efb50993780079460b0cbed1363e2166a2de1d9f_1789452979_1671380518/backend.sock
DEBUG ]:  [PluginSystem] Plugin grabbar loaded. Handle: 563a3ba36360, path: "~/Projects/omarchy-grabbar/native/grabbar/grabbar.so", author: "Greyforge Labs", description: "Familiar window controls for Omarchy (G0 prototype).", version: "0.0.1-g0"
DEBUG ]: CPluginSystem::updateConfigPlugins: loaded ~/Projects/omarchy-grabbar/native/grabbar/grabbar.so
DEBUG ]: Unloading plugin ~/Projects/omarchy-grabbar/native/grabbar/grabbar.so which is no longer present in config
DEBUG ]:  [PluginSystem] Plugin grabbar unloaded.
DEBUG ]: Loading plugin ~/Projects/omarchy-grabbar/native/grabbar/grabbar.so which is now present in config
DEBUG ]: [grabbar] backend epoch 1789452984 listening on /run/user/1000/grabbar/efb50993780079460b0cbed1363e2166a2de1d9f_1789452979_1671380518/backend.sock
DEBUG ]:  [PluginSystem] Plugin grabbar loaded. Handle: 563a3ba354e0, path: "~/Projects/omarchy-grabbar/native/grabbar/grabbar.so", author: "Greyforge Labs", description: "Familiar window controls for Omarchy (G0 prototype).", version: "0.0.1-g0"
DEBUG ]: CPluginSystem::updateConfigPlugins: loaded ~/Projects/omarchy-grabbar/native/grabbar/grabbar.so
DEBUG ]: Unloading plugin ~/Projects/omarchy-grabbar/native/grabbar/grabbar.so which is no longer present in config
DEBUG ]:  [PluginSystem] Plugin grabbar unloaded.
DEBUG ]: Loading plugin ~/Projects/omarchy-grabbar/native/grabbar/grabbar.so which is now present in config
DEBUG ]: [grabbar] backend epoch 1789452984 listening on /run/user/1000/grabbar/efb50993780079460b0cbed1363e2166a2de1d9f_1789452979_1671380518/backend.sock
DEBUG ]:  [PluginSystem] Plugin grabbar loaded. Handle: 563a3ba354e0, path: "~/Projects/omarchy-grabbar/native/grabbar/grabbar.so", author: "Greyforge Labs", description: "Familiar window controls for Omarchy (G0 prototype).", version: "0.0.1-g0"
DEBUG ]: CPluginSystem::updateConfigPlugins: loaded ~/Projects/omarchy-grabbar/native/grabbar/grabbar.so
DEBUG ]: Unloading plugin ~/Projects/omarchy-grabbar/native/grabbar/grabbar.so which is no longer present in config
DEBUG ]:  [PluginSystem] Plugin grabbar unloaded.
DEBUG ]: Loading plugin ~/Projects/omarchy-grabbar/native/grabbar/grabbar.so which is now present in config
DEBUG ]: [grabbar] backend epoch 1789452984 listening on /run/user/1000/grabbar/efb50993780079460b0cbed1363e2166a2de1d9f_1789452979_1671380518/backend.sock
DEBUG ]:  [PluginSystem] Plugin grabbar loaded. Handle: 563a3ba361f0, path: "~/Projects/omarchy-grabbar/native/grabbar/grabbar.so", author: "Greyforge Labs", description: "Familiar window controls for Omarchy (G0 prototype).", version: "0.0.1-g0"
DEBUG ]: CPluginSystem::updateConfigPlugins: loaded ~/Projects/omarchy-grabbar/native/grabbar/grabbar.so
DEBUG ]: Unloading plugin ~/Projects/omarchy-grabbar/native/grabbar/grabbar.so which is no longer present in config
DEBUG ]:  [PluginSystem] Plugin grabbar unloaded.
DEBUG ]: Loading plugin ~/Projects/omarchy-grabbar/native/grabbar/grabbar.so which is now present in config
DEBUG ]: [grabbar] backend epoch 1789452984 listening on /run/user/1000/grabbar/efb50993780079460b0cbed1363e2166a2de1d9f_1789452979_1671380518/backend.sock
DEBUG ]:  [PluginSystem] Plugin grabbar loaded. Handle: 563a3ba36180, path: "~/Projects/omarchy-grabbar/native/grabbar/grabbar.so", author: "Greyforge Labs", description: "Familiar window controls for Omarchy (G0 prototype).", version: "0.0.1-g0"
DEBUG ]: CPluginSystem::updateConfigPlugins: loaded ~/Projects/omarchy-grabbar/native/grabbar/grabbar.so
DEBUG ]: Unloading plugin ~/Projects/omarchy-grabbar/native/grabbar/grabbar.so which is no longer present in config
DEBUG ]:  [PluginSystem] Plugin grabbar unloaded.
DEBUG ]: Loading plugin ~/Projects/omarchy-grabbar/native/grabbar/grabbar.so which is now present in config
DEBUG ]: [grabbar] backend epoch 1789452984 listening on /run/user/1000/grabbar/efb50993780079460b0cbed1363e2166a2de1d9f_1789452979_1671380518/backend.sock
DEBUG ]:  [PluginSystem] Plugin grabbar loaded. Handle: 563a3ba36180, path: "~/Projects/omarchy-grabbar/native/grabbar/grabbar.so", author: "Greyforge Labs", description: "Familiar window controls for Omarchy (G0 prototype).", version: "0.0.1-g0"
DEBUG ]: CPluginSystem::updateConfigPlugins: loaded ~/Projects/omarchy-grabbar/native/grabbar/grabbar.so
DEBUG ]: Unloading plugin ~/Projects/omarchy-grabbar/native/grabbar/grabbar.so which is no longer present in config
DEBUG ]:  [PluginSystem] Plugin grabbar unloaded.
DEBUG ]: Loading plugin ~/Projects/omarchy-grabbar/native/grabbar/grabbar.so which is now present in config
DEBUG ]: [grabbar] backend epoch 1789452984 listening on /run/user/1000/grabbar/efb50993780079460b0cbed1363e2166a2de1d9f_1789452979_1671380518/backend.sock
DEBUG ]:  [PluginSystem] Plugin grabbar loaded. Handle: 563a3ba36180, path: "~/Projects/omarchy-grabbar/native/grabbar/grabbar.so", author: "Greyforge Labs", description: "Familiar window controls for Omarchy (G0 prototype).", version: "0.0.1-g0"
DEBUG ]: CPluginSystem::updateConfigPlugins: loaded ~/Projects/omarchy-grabbar/native/grabbar/grabbar.so
DEBUG ]: Unloading plugin ~/Projects/omarchy-grabbar/native/grabbar/grabbar.so which is no longer present in config
DEBUG ]:  [PluginSystem] Plugin grabbar unloaded.
DEBUG ]: Loading plugin ~/Projects/omarchy-grabbar/native/grabbar/grabbar.so which is now present in config
DEBUG ]: [grabbar] backend epoch 1789452984 listening on /run/user/1000/grabbar/efb50993780079460b0cbed1363e2166a2de1d9f_1789452979_1671380518/backend.sock
DEBUG ]:  [PluginSystem] Plugin grabbar loaded. Handle: 563a3ba360b0, path: "~/Projects/omarchy-grabbar/native/grabbar/grabbar.so", author: "Greyforge Labs", description: "Familiar window controls for Omarchy (G0 prototype).", version: "0.0.1-g0"
DEBUG ]: CPluginSystem::updateConfigPlugins: loaded ~/Projects/omarchy-grabbar/native/grabbar/grabbar.so
DEBUG ]: Unloading plugin ~/Projects/omarchy-grabbar/native/grabbar/grabbar.so which is no longer present in config
DEBUG ]:  [PluginSystem] Plugin grabbar unloaded.
DEBUG ]: Loading plugin ~/Projects/omarchy-grabbar/native/grabbar/grabbar.so which is now present in config
DEBUG ]: [grabbar] backend epoch 1789452984 listening on /run/user/1000/grabbar/efb50993780079460b0cbed1363e2166a2de1d9f_1789452979_1671380518/backend.sock
DEBUG ]:  [PluginSystem] Plugin grabbar loaded. Handle: 563a3ba358c0, path: "~/Projects/omarchy-grabbar/native/grabbar/grabbar.so", author: "Greyforge Labs", description: "Familiar window controls for Omarchy (G0 prototype).", version: "0.0.1-g0"
DEBUG ]: CPluginSystem::updateConfigPlugins: loaded ~/Projects/omarchy-grabbar/native/grabbar/grabbar.so
DEBUG ]: Unloading plugin ~/Projects/omarchy-grabbar/native/grabbar/grabbar.so which is no longer present in config
DEBUG ]:  [PluginSystem] Plugin grabbar unloaded.
DEBUG ]: Loading plugin ~/Projects/omarchy-grabbar/native/grabbar/grabbar.so which is now present in config
DEBUG ]: [grabbar] backend epoch 1789452984 listening on /run/user/1000/grabbar/efb50993780079460b0cbed1363e2166a2de1d9f_1789452979_1671380518/backend.sock
DEBUG ]:  [PluginSystem] Plugin grabbar loaded. Handle: 563a3ba37e60, path: "~/Projects/omarchy-grabbar/native/grabbar/grabbar.so", author: "Greyforge Labs", description: "Familiar window controls for Omarchy (G0 prototype).", version: "0.0.1-g0"
DEBUG ]: CPluginSystem::updateConfigPlugins: loaded ~/Projects/omarchy-grabbar/native/grabbar/grabbar.so
DEBUG ]: Unloading plugin ~/Projects/omarchy-grabbar/native/grabbar/grabbar.so which is no longer present in config
DEBUG ]:  [PluginSystem] Plugin grabbar unloaded.
DEBUG ]: Loading plugin ~/Projects/omarchy-grabbar/native/grabbar/grabbar.so which is now present in config
DEBUG ]: [grabbar] backend epoch 1789452984 listening on /run/user/1000/grabbar/efb50993780079460b0cbed1363e2166a2de1d9f_1789452979_1671380518/backend.sock
DEBUG ]:  [PluginSystem] Plugin grabbar loaded. Handle: 563a3ba34aa0, path: "~/Projects/omarchy-grabbar/native/grabbar/grabbar.so", author: "Greyforge Labs", description: "Familiar window controls for Omarchy (G0 prototype).", version: "0.0.1-g0"
DEBUG ]: CPluginSystem::updateConfigPlugins: loaded ~/Projects/omarchy-grabbar/native/grabbar/grabbar.so
DEBUG ]: Unloading plugin ~/Projects/omarchy-grabbar/native/grabbar/grabbar.so which is no longer present in config
DEBUG ]:  [PluginSystem] Plugin grabbar unloaded.
DEBUG ]: Loading plugin ~/Projects/omarchy-grabbar/native/grabbar/grabbar.so which is now present in config
DEBUG ]: [grabbar] backend epoch 1789452984 listening on /run/user/1000/grabbar/efb50993780079460b0cbed1363e2166a2de1d9f_1789452979_1671380518/backend.sock
DEBUG ]:  [PluginSystem] Plugin grabbar loaded. Handle: 563a3ba350f0, path: "~/Projects/omarchy-grabbar/native/grabbar/grabbar.so", author: "Greyforge Labs", description: "Familiar window controls for Omarchy (G0 prototype).", version: "0.0.1-g0"
DEBUG ]: CPluginSystem::updateConfigPlugins: loaded ~/Projects/omarchy-grabbar/native/grabbar/grabbar.so
DEBUG ]: Unloading plugin ~/Projects/omarchy-grabbar/native/grabbar/grabbar.so which is no longer present in config
DEBUG ]:  [PluginSystem] Plugin grabbar unloaded.
DEBUG ]: Loading plugin ~/Projects/omarchy-grabbar/native/grabbar/grabbar.so which is now present in config
DEBUG ]: [grabbar] backend epoch 1789452984 listening on /run/user/1000/grabbar/efb50993780079460b0cbed1363e2166a2de1d9f_1789452979_1671380518/backend.sock
DEBUG ]:  [PluginSystem] Plugin grabbar loaded. Handle: 563a3ba34fc0, path: "~/Projects/omarchy-grabbar/native/grabbar/grabbar.so", author: "Greyforge Labs", description: "Familiar window controls for Omarchy (G0 prototype).", version: "0.0.1-g0"
DEBUG ]: CPluginSystem::updateConfigPlugins: loaded ~/Projects/omarchy-grabbar/native/grabbar/grabbar.so
DEBUG ]: Unloading plugin ~/Projects/omarchy-grabbar/native/grabbar/grabbar.so which is no longer present in config
DEBUG ]:  [PluginSystem] Plugin grabbar unloaded.
DEBUG ]: Loading plugin ~/Projects/omarchy-grabbar/native/grabbar/grabbar.so which is now present in config
DEBUG ]: [grabbar] backend epoch 1789452984 listening on /run/user/1000/grabbar/efb50993780079460b0cbed1363e2166a2de1d9f_1789452979_1671380518/backend.sock
DEBUG ]:  [PluginSystem] Plugin grabbar loaded. Handle: 563a3ba353b0, path: "~/Projects/omarchy-grabbar/native/grabbar/grabbar.so", author: "Greyforge Labs", description: "Familiar window controls for Omarchy (G0 prototype).", version: "0.0.1-g0"
DEBUG ]: CPluginSystem::updateConfigPlugins: loaded ~/Projects/omarchy-grabbar/native/grabbar/grabbar.so
DEBUG ]: Unloading plugin ~/Projects/omarchy-grabbar/native/grabbar/grabbar.so which is no longer present in config
DEBUG ]:  [PluginSystem] Plugin grabbar unloaded.
DEBUG ]: Loading plugin ~/Projects/omarchy-grabbar/native/grabbar/grabbar.so which is now present in config
DEBUG ]: [grabbar] backend epoch 1789452984 listening on /run/user/1000/grabbar/efb50993780079460b0cbed1363e2166a2de1d9f_1789452979_1671380518/backend.sock
DEBUG ]:  [PluginSystem] Plugin grabbar loaded. Handle: 563a3ba375c0, path: "~/Projects/omarchy-grabbar/native/grabbar/grabbar.so", author: "Greyforge Labs", description: "Familiar window controls for Omarchy (G0 prototype).", version: "0.0.1-g0"
DEBUG ]: CPluginSystem::updateConfigPlugins: loaded ~/Projects/omarchy-grabbar/native/grabbar/grabbar.so
DEBUG ]: Unloading plugin ~/Projects/omarchy-grabbar/native/grabbar/grabbar.so which is no longer present in config
DEBUG ]:  [PluginSystem] Plugin grabbar unloaded.
DEBUG ]: Loading plugin ~/Projects/omarchy-grabbar/native/grabbar/grabbar.so which is now present in config
DEBUG ]: [grabbar] backend epoch 1789452984 listening on /run/user/1000/grabbar/efb50993780079460b0cbed1363e2166a2de1d9f_1789452979_1671380518/backend.sock
DEBUG ]:  [PluginSystem] Plugin grabbar loaded. Handle: 563a3ba35850, path: "~/Projects/omarchy-grabbar/native/grabbar/grabbar.so", author: "Greyforge Labs", description: "Familiar window controls for Omarchy (G0 prototype).", version: "0.0.1-g0"
DEBUG ]: CPluginSystem::updateConfigPlugins: loaded ~/Projects/omarchy-grabbar/native/grabbar/grabbar.so
DEBUG ]: Unloading plugin ~/Projects/omarchy-grabbar/native/grabbar/grabbar.so which is no longer present in config
DEBUG ]:  [PluginSystem] Plugin grabbar unloaded.
DEBUG ]: Loading plugin ~/Projects/omarchy-grabbar/native/grabbar/grabbar.so which is now present in config
DEBUG ]: [grabbar] backend epoch 1789452984 listening on /run/user/1000/grabbar/efb50993780079460b0cbed1363e2166a2de1d9f_1789452979_1671380518/backend.sock
DEBUG ]:  [PluginSystem] Plugin grabbar loaded. Handle: 563a3ba37560, path: "~/Projects/omarchy-grabbar/native/grabbar/grabbar.so", author: "Greyforge Labs", description: "Familiar window controls for Omarchy (G0 prototype).", version: "0.0.1-g0"
DEBUG ]: CPluginSystem::updateConfigPlugins: loaded ~/Projects/omarchy-grabbar/native/grabbar/grabbar.so
DEBUG ]: Unloading plugin ~/Projects/omarchy-grabbar/native/grabbar/grabbar.so which is no longer present in config
DEBUG ]:  [PluginSystem] Plugin grabbar unloaded.
DEBUG ]: Loading plugin ~/Projects/omarchy-grabbar/native/grabbar/grabbar.so which is now present in config
DEBUG ]: [grabbar] backend epoch 1789452984 listening on /run/user/1000/grabbar/efb50993780079460b0cbed1363e2166a2de1d9f_1789452979_1671380518/backend.sock
DEBUG ]:  [PluginSystem] Plugin grabbar loaded. Handle: 563a3ba36020, path: "~/Projects/omarchy-grabbar/native/grabbar/grabbar.so", author: "Greyforge Labs", description: "Familiar window controls for Omarchy (G0 prototype).", version: "0.0.1-g0"
DEBUG ]: CPluginSystem::updateConfigPlugins: loaded ~/Projects/omarchy-grabbar/native/grabbar/grabbar.so
DEBUG ]: Unloading plugin ~/Projects/omarchy-grabbar/native/grabbar/grabbar.so which is no longer present in config
DEBUG ]:  [PluginSystem] Plugin grabbar unloaded.
DEBUG ]: Loading plugin ~/Projects/omarchy-grabbar/native/grabbar/grabbar.so which is now present in config
DEBUG ]: [grabbar] backend epoch 1789452984 listening on /run/user/1000/grabbar/efb50993780079460b0cbed1363e2166a2de1d9f_1789452979_1671380518/backend.sock
DEBUG ]:  [PluginSystem] Plugin grabbar loaded. Handle: 563a3ba36020, path: "~/Projects/omarchy-grabbar/native/grabbar/grabbar.so", author: "Greyforge Labs", description: "Familiar window controls for Omarchy (G0 prototype).", version: "0.0.1-g0"
DEBUG ]: CPluginSystem::updateConfigPlugins: loaded ~/Projects/omarchy-grabbar/native/grabbar/grabbar.so
DEBUG ]: Unloading plugin ~/Projects/omarchy-grabbar/native/grabbar/grabbar.so which is no longer present in config
DEBUG ]:  [PluginSystem] Plugin grabbar unloaded.
DEBUG ]: Loading plugin ~/Projects/omarchy-grabbar/native/grabbar/grabbar.so which is now present in config
DEBUG ]: [grabbar] backend epoch 1789452984 listening on /run/user/1000/grabbar/efb50993780079460b0cbed1363e2166a2de1d9f_1789452979_1671380518/backend.sock
DEBUG ]:  [PluginSystem] Plugin grabbar loaded. Handle: 563a3ba36020, path: "~/Projects/omarchy-grabbar/native/grabbar/grabbar.so", author: "Greyforge Labs", description: "Familiar window controls for Omarchy (G0 prototype).", version: "0.0.1-g0"
DEBUG ]: CPluginSystem::updateConfigPlugins: loaded ~/Projects/omarchy-grabbar/native/grabbar/grabbar.so
DEBUG ]: Unloading plugin ~/Projects/omarchy-grabbar/native/grabbar/grabbar.so which is no longer present in config
DEBUG ]:  [PluginSystem] Plugin grabbar unloaded.
DEBUG ]: Loading plugin ~/Projects/omarchy-grabbar/native/grabbar/grabbar.so which is now present in config
DEBUG ]: [grabbar] backend epoch 1789452984 listening on /run/user/1000/grabbar/efb50993780079460b0cbed1363e2166a2de1d9f_1789452979_1671380518/backend.sock
DEBUG ]:  [PluginSystem] Plugin grabbar loaded. Handle: 563a3ba37400, path: "~/Projects/omarchy-grabbar/native/grabbar/grabbar.so", author: "Greyforge Labs", description: "Familiar window controls for Omarchy (G0 prototype).", version: "0.0.1-g0"
DEBUG ]: CPluginSystem::updateConfigPlugins: loaded ~/Projects/omarchy-grabbar/native/grabbar/grabbar.so
DEBUG ]: Unloading plugin ~/Projects/omarchy-grabbar/native/grabbar/grabbar.so which is no longer present in config
DEBUG ]:  [PluginSystem] Plugin grabbar unloaded.
DEBUG ]: Loading plugin ~/Projects/omarchy-grabbar/native/grabbar/grabbar.so which is now present in config
DEBUG ]: [grabbar] backend epoch 1789452984 listening on /run/user/1000/grabbar/efb50993780079460b0cbed1363e2166a2de1d9f_1789452979_1671380518/backend.sock
DEBUG ]:  [PluginSystem] Plugin grabbar loaded. Handle: 563a3ba37400, path: "~/Projects/omarchy-grabbar/native/grabbar/grabbar.so", author: "Greyforge Labs", description: "Familiar window controls for Omarchy (G0 prototype).", version: "0.0.1-g0"
DEBUG ]: CPluginSystem::updateConfigPlugins: loaded ~/Projects/omarchy-grabbar/native/grabbar/grabbar.so
DEBUG ]: Unloading plugin ~/Projects/omarchy-grabbar/native/grabbar/grabbar.so which is no longer present in config
DEBUG ]:  [PluginSystem] Plugin grabbar unloaded.
DEBUG ]: Loading plugin ~/Projects/omarchy-grabbar/native/grabbar/grabbar.so which is now present in config
DEBUG ]: [grabbar] backend epoch 1789452984 listening on /run/user/1000/grabbar/efb50993780079460b0cbed1363e2166a2de1d9f_1789452979_1671380518/backend.sock
DEBUG ]:  [PluginSystem] Plugin grabbar loaded. Handle: 563a3ba34a30, path: "~/Projects/omarchy-grabbar/native/grabbar/grabbar.so", author: "Greyforge Labs", description: "Familiar window controls for Omarchy (G0 prototype).", version: "0.0.1-g0"
DEBUG ]: CPluginSystem::updateConfigPlugins: loaded ~/Projects/omarchy-grabbar/native/grabbar/grabbar.so
DEBUG ]: Unloading plugin ~/Projects/omarchy-grabbar/native/grabbar/grabbar.so which is no longer present in config
DEBUG ]:  [PluginSystem] Plugin grabbar unloaded.
DEBUG ]: Loading plugin ~/Projects/omarchy-grabbar/native/grabbar/grabbar.so which is now present in config
DEBUG ]: [grabbar] backend epoch 1789452984 listening on /run/user/1000/grabbar/efb50993780079460b0cbed1363e2166a2de1d9f_1789452979_1671380518/backend.sock
DEBUG ]:  [PluginSystem] Plugin grabbar loaded. Handle: 563a3ba37360, path: "~/Projects/omarchy-grabbar/native/grabbar/grabbar.so", author: "Greyforge Labs", description: "Familiar window controls for Omarchy (G0 prototype).", version: "0.0.1-g0"
DEBUG ]: CPluginSystem::updateConfigPlugins: loaded ~/Projects/omarchy-grabbar/native/grabbar/grabbar.so
DEBUG ]: Unloading plugin ~/Projects/omarchy-grabbar/native/grabbar/grabbar.so which is no longer present in config